// Jest Snapshot v1, https://goo.gl/fbAQLP

exports[`<SignUpScreen /> renders correctly 1`] = `
<View
  style={
    Object {
      "alignItems": "center",
      "backgroundColor": "#ffffed",
      "flex": 1,
      "justifyContent": "center",
    }
  }
>
  <Text
    style={
      Object {
        "color": "black",
        "fontFamily": "Helvetica-Bold",
        "fontSize": 48,
        "marginBottom": 20,
        "textAlign": "center",
      }
    }
  >
    Sign Up
  </Text>
  <TextInput
    allowFontScaling={true}
    autoCapitalize="none"
    autoCompleteType="off"
    autoCorrect={false}
    maxLength={32}
    onChangeText={[Function]}
    onSubmitEditing={[Function]}
    placeholder="Email"
    rejectResponderTermination={true}
    style={
      Object {
        "backgroundColor": "white",
        "borderColor": "black",
        "borderRadius": 5,
        "borderWidth": 2,
        "color": "black",
        "fontFamily": "Helvetica",
        "fontSize": 24,
        "marginBottom": 10,
        "textAlign": "center",
        "width": "80%",
      }
    }
    underlineColorAndroid="transparent"
    value={null}
  />
  <Text
    style={
      Object {
        "color": "black",
        "fontFamily": "Helvetica",
        "fontSize": 16,
        "marginBottom": 10,
        "textAlign": "center",
      }
    }
  >
    Passwords must be at least 8 characters long.
  </Text>
  <TextInput
    allowFontScaling={true}
    autoCapitalize="none"
    autoCompleteType="off"
    autoCorrect={false}
    maxLength={32}
    onChangeText={[Function]}
    onSubmitEditing={[Function]}
    placeholder="Password"
    rejectResponderTermination={true}
    secureTextEntry={true}
    style={
      Object {
        "backgroundColor": "white",
        "borderColor": "black",
        "borderRadius": 5,
        "borderWidth": 2,
        "color": "black",
        "fontFamily": "Helvetica",
        "fontSize": 24,
        "marginBottom": 10,
        "textAlign": "center",
        "width": "80%",
      }
    }
    underlineColorAndroid="transparent"
    value={null}
  />
  <View
    accessible={true}
    focusable={true}
    onClick={[Function]}
    onResponderGrant={[Function]}
    onResponderMove={[Function]}
    onResponderRelease={[Function]}
    onResponderTerminate={[Function]}
    onResponderTerminationRequest={[Function]}
    onStartShouldSetResponder={[Function]}
    style={
      Object {
        "backgroundColor": "#ffe29c",
        "borderRadius": 30,
        "height": 50,
        "justifyContent": "center",
        "marginBottom": 10,
        "opacity": 1,
        "padding": 1,
        "width": "60%",
      }
    }
  >
    <Text
      style={
        Object {
          "color": "white",
          "fontSize": 32,
          "textAlign": "center",
        }
      }
    >
      Sign Up
    </Text>
  </View>
  <View
    accessible={true}
    focusable={true}
    onClick={[Function]}
    onResponderGrant={[Function]}
    onResponderMove={[Function]}
    onResponderRelease={[Function]}
    onResponderTerminate={[Function]}
    onResponderTerminationRequest={[Function]}
    onStartShouldSetResponder={[Function]}
    style={
      Object {
        "backgroundColor": "#ffe29c",
        "borderRadius": 30,
        "height": 50,
        "justifyContent": "center",
        "marginBottom": 10,
        "opacity": 1,
        "padding": 1,
        "width": "60%",
      }
    }
  >
    <Text
      style={
        Object {
          "color": "white",
          "fontSize": 32,
          "textAlign": "center",
        }
      }
    >
      Back
    </Text>
  </View>
</View>
`;
